(Cos, 0.5) => 0.878567
(Cos, 1.5) => 0.829159
(Cos, 2) => 0.846007
(Sin, 0.5) => 0.0976732
(Sin, 1.5) => 0.0643581
(Sin, 2) => 0.0656748

